17:46:30 **** Incremental Build of configuration Debug for project MyBlinky ****
make all 
make: Nothing to be done for 'all'.
17:48:18 **** Incremental Build of configuration Debug for project MyBlinky ****
make all 
make: Nothing to be done for 'all'.
17:50:40 **** Incremental Build of configuration Debug for project MyBlinky ****
make all 
make: Nothing to be done for 'all'.
17:52:44 **** Incremental Build of configuration Debug for project MyBlinky ****
make all 
Building file: ../Src/main.c
Invoking: MCU GCC Compiler
C:\Students\Bennyaw\Blinky\MyBlinky\Debug
arm-none-eabi-gcc -mcpu=cortex-m4 -mthumb -mfloat-abi=hard -mfpu=fpv4-sp-d16 '-D__weak=__attribute__((weak))' '-D__packed=__attribute__((__packed__))' -DUSE_HAL_DRIVER -DSTM32F429xx -I"C:/Students/Bennyaw/Blinky/MyBlinky/Inc" -I"C:/Students/Bennyaw/Blinky/MyBlinky/Drivers/STM32F4xx_HAL_Driver/Inc" -I"C:/Students/Bennyaw/Blinky/MyBlinky/Drivers/STM32F4xx_HAL_Driver/Inc/Legacy" -I"C:/Students/Bennyaw/Blinky/MyBlinky/Drivers/CMSIS/Device/ST/STM32F4xx/Include" -I"C:/Students/Bennyaw/Blinky/MyBlinky/Drivers/CMSIS/Include"  -Og -g3 -Wall -fmessage-length=0 -ffunction-sections -c -fmessage-length=0 -MMD -MP -MF"Src/main.d" -MT"Src/main.o" -o "Src/main.o" "../Src/main.c"
Finished building: ../Src/main.c
 
Building target: MyBlinky.elf
Invoking: MCU GCC Linker
arm-none-eabi-gcc -mcpu=cortex-m4 -mthumb -mfloat-abi=hard -mfpu=fpv4-sp-d16 -specs=nosys.specs -specs=nano.specs -T"../STM32F429ZITx_FLASH.ld" -Wl,-Map=output.map -Wl,--gc-sections -o "MyBlinky.elf" @"objects.list"   -lm
Finished building target: MyBlinky.elf
 
make --no-print-directory post-build
Generating hex and Printing size information:
arm-none-eabi-objcopy -O ihex "MyBlinky.elf" "MyBlinky.hex"
arm-none-eabi-size "MyBlinky.elf"
   text	   data	    bss	    dec	    hex	filename
   4764	     20	   1572	   6356	   18d4	MyBlinky.elf
 
17:53:19 **** Incremental Build of configuration Debug for project MyBlinky ****
make all 
make: Nothing to be done for 'all'.
17:54:51 **** Incremental Build of configuration Debug for project MyBlinky ****
make all 
Building file: ../Src/main.c
Invoking: MCU GCC Compiler
C:\Students\Bennyaw\Blinky\MyBlinky\Debug
arm-none-eabi-gcc -mcpu=cortex-m4 -mthumb -mfloat-abi=hard -mfpu=fpv4-sp-d16 '-D__weak=__attribute__((weak))' '-D__packed=__attribute__((__packed__))' -DUSE_HAL_DRIVER -DSTM32F429xx -I"C:/Students/Bennyaw/Blinky/MyBlinky/Inc" -I"C:/Students/Bennyaw/Blinky/MyBlinky/Drivers/STM32F4xx_HAL_Driver/Inc" -I"C:/Students/Bennyaw/Blinky/MyBlinky/Drivers/STM32F4xx_HAL_Driver/Inc/Legacy" -I"C:/Students/Bennyaw/Blinky/MyBlinky/Drivers/CMSIS/Device/ST/STM32F4xx/Include" -I"C:/Students/Bennyaw/Blinky/MyBlinky/Drivers/CMSIS/Include"  -Og -g3 -Wall -fmessage-length=0 -ffunction-sections -c -fmessage-length=0 -MMD -MP -MF"Src/main.d" -MT"Src/main.o" -o "Src/main.o" "../Src/main.c"
Finished building: ../Src/main.c
 
Building target: MyBlinky.elf
Invoking: MCU GCC Linker
arm-none-eabi-gcc -mcpu=cortex-m4 -mthumb -mfloat-abi=hard -mfpu=fpv4-sp-d16 -specs=nosys.specs -specs=nano.specs -T"../STM32F429ZITx_FLASH.ld" -Wl,-Map=output.map -Wl,--gc-sections -o "MyBlinky.elf" @"objects.list"   -lm
Finished building target: MyBlinky.elf
 
make --no-print-directory post-build
Generating hex and Printing size information:
arm-none-eabi-objcopy -O ihex "MyBlinky.elf" "MyBlinky.hex"
arm-none-eabi-size "MyBlinky.elf"
   text	   data	    bss	    dec	    hex	filename
   4800	     20	   1572	   6392	   18f8	MyBlinky.elf
 
