10:57:55 **** Incremental Build of configuration Debug for project MyBlinky ****
make all 
make: Nothing to be done for 'all'.
10:59:11 **** Incremental Build of configuration Debug for project MyBlinky ****
make all 
make: Nothing to be done for 'all'.
11:01:57 **** Incremental Build of configuration Debug for project MyBlinky ****
make all 
make: Nothing to be done for 'all'.
11:02:16 **** Incremental Build of configuration Debug for project MyBlinky ****
make all 
make: Nothing to be done for 'all'.
11:06:48 **** Incremental Build of configuration Debug for project MyBlinky ****
make all 
Building file: ../Src/main.c
Invoking: MCU GCC Compiler
C:\Students\Bennyaw\Blinky\MyBlinky\Debug
arm-none-eabi-gcc -mcpu=cortex-m4 -mthumb -mfloat-abi=hard -mfpu=fpv4-sp-d16 '-D__weak=__attribute__((weak))' '-D__packed=__attribute__((__packed__))' -DUSE_HAL_DRIVER -DSTM32F429xx -I"C:/Students/Bennyaw/Blinky/MyBlinky/Inc" -I"C:/Students/Bennyaw/Blinky/MyBlinky/Drivers/STM32F4xx_HAL_Driver/Inc" -I"C:/Students/Bennyaw/Blinky/MyBlinky/Drivers/STM32F4xx_HAL_Driver/Inc/Legacy" -I"C:/Students/Bennyaw/Blinky/MyBlinky/Drivers/CMSIS/Device/ST/STM32F4xx/Include" -I"C:/Students/Bennyaw/Blinky/MyBlinky/Drivers/CMSIS/Include"  -Og -g3 -Wall -fmessage-length=0 -ffunction-sections -c -fmessage-length=0 -MMD -MP -MF"Src/main.d" -MT"Src/main.o" -o "Src/main.o" "../Src/main.c"
Finished building: ../Src/main.c
 
Building target: MyBlinky.elf
Invoking: MCU GCC Linker
arm-none-eabi-gcc -mcpu=cortex-m4 -mthumb -mfloat-abi=hard -mfpu=fpv4-sp-d16 -specs=nosys.specs -specs=nano.specs -T"../STM32F429ZITx_FLASH.ld" -Wl,-Map=output.map -Wl,--gc-sections -o "MyBlinky.elf" @"objects.list"   -lm
Finished building target: MyBlinky.elf
 
make --no-print-directory post-build
Generating hex and Printing size information:
arm-none-eabi-objcopy -O ihex "MyBlinky.elf" "MyBlinky.hex"
arm-none-eabi-size "MyBlinky.elf"
   text	   data	    bss	    dec	    hex	filename
   4700	     20	   1572	   6292	   1894	MyBlinky.elf
 
11:26:28 **** Incremental Build of configuration Debug for project MyBlinky ****
make all 
make: Nothing to be done for 'all'.
14:04:07 **** Incremental Build of configuration Debug for project MyBlinky ****
make all 
Building file: ../Src/main.c
Invoking: MCU GCC Compiler
C:\Students\Bennyaw\Blinky\MyBlinky\Debug
arm-none-eabi-gcc -mcpu=cortex-m4 -mthumb -mfloat-abi=hard -mfpu=fpv4-sp-d16 '-D__weak=__attribute__((weak))' '-D__packed=__attribute__((__packed__))' -DUSE_HAL_DRIVER -DSTM32F429xx -I"C:/Students/Bennyaw/Blinky/MyBlinky/Inc" -I"C:/Students/Bennyaw/Blinky/MyBlinky/Drivers/STM32F4xx_HAL_Driver/Inc" -I"C:/Students/Bennyaw/Blinky/MyBlinky/Drivers/STM32F4xx_HAL_Driver/Inc/Legacy" -I"C:/Students/Bennyaw/Blinky/MyBlinky/Drivers/CMSIS/Device/ST/STM32F4xx/Include" -I"C:/Students/Bennyaw/Blinky/MyBlinky/Drivers/CMSIS/Include"  -Og -g3 -Wall -fmessage-length=0 -ffunction-sections -c -fmessage-length=0 -MMD -MP -MF"Src/main.d" -MT"Src/main.o" -o "Src/main.o" "../Src/main.c"
Finished building: ../Src/main.c
 
Building file: ../Src/stm32f4xx_hal_msp.c
Invoking: MCU GCC Compiler
C:\Students\Bennyaw\Blinky\MyBlinky\Debug
arm-none-eabi-gcc -mcpu=cortex-m4 -mthumb -mfloat-abi=hard -mfpu=fpv4-sp-d16 '-D__weak=__attribute__((weak))' '-D__packed=__attribute__((__packed__))' -DUSE_HAL_DRIVER -DSTM32F429xx -I"C:/Students/Bennyaw/Blinky/MyBlinky/Inc" -I"C:/Students/Bennyaw/Blinky/MyBlinky/Drivers/STM32F4xx_HAL_Driver/Inc" -I"C:/Students/Bennyaw/Blinky/MyBlinky/Drivers/STM32F4xx_HAL_Driver/Inc/Legacy" -I"C:/Students/Bennyaw/Blinky/MyBlinky/Drivers/CMSIS/Device/ST/STM32F4xx/Include" -I"C:/Students/Bennyaw/Blinky/MyBlinky/Drivers/CMSIS/Include"  -Og -g3 -Wall -fmessage-length=0 -ffunction-sections -c -fmessage-length=0 -MMD -MP -MF"Src/stm32f4xx_hal_msp.d" -MT"Src/stm32f4xx_hal_msp.o" -o "Src/stm32f4xx_hal_msp.o" "../Src/stm32f4xx_hal_msp.c"
Finished building: ../Src/stm32f4xx_hal_msp.c
 
Building file: ../Src/stm32f4xx_it.c
Invoking: MCU GCC Compiler
C:\Students\Bennyaw\Blinky\MyBlinky\Debug
arm-none-eabi-gcc -mcpu=cortex-m4 -mthumb -mfloat-abi=hard -mfpu=fpv4-sp-d16 '-D__weak=__attribute__((weak))' '-D__packed=__attribute__((__packed__))' -DUSE_HAL_DRIVER -DSTM32F429xx -I"C:/Students/Bennyaw/Blinky/MyBlinky/Inc" -I"C:/Students/Bennyaw/Blinky/MyBlinky/Drivers/STM32F4xx_HAL_Driver/Inc" -I"C:/Students/Bennyaw/Blinky/MyBlinky/Drivers/STM32F4xx_HAL_Driver/Inc/Legacy" -I"C:/Students/Bennyaw/Blinky/MyBlinky/Drivers/CMSIS/Device/ST/STM32F4xx/Include" -I"C:/Students/Bennyaw/Blinky/MyBlinky/Drivers/CMSIS/Include"  -Og -g3 -Wall -fmessage-length=0 -ffunction-sections -c -fmessage-length=0 -MMD -MP -MF"Src/stm32f4xx_it.d" -MT"Src/stm32f4xx_it.o" -o "Src/stm32f4xx_it.o" "../Src/stm32f4xx_it.c"
Finished building: ../Src/stm32f4xx_it.c
 
Building file: ../Src/system_stm32f4xx.c
Invoking: MCU GCC Compiler
C:\Students\Bennyaw\Blinky\MyBlinky\Debug
arm-none-eabi-gcc -mcpu=cortex-m4 -mthumb -mfloat-abi=hard -mfpu=fpv4-sp-d16 '-D__weak=__attribute__((weak))' '-D__packed=__attribute__((__packed__))' -DUSE_HAL_DRIVER -DSTM32F429xx -I"C:/Students/Bennyaw/Blinky/MyBlinky/Inc" -I"C:/Students/Bennyaw/Blinky/MyBlinky/Drivers/STM32F4xx_HAL_Driver/Inc" -I"C:/Students/Bennyaw/Blinky/MyBlinky/Drivers/STM32F4xx_HAL_Driver/Inc/Legacy" -I"C:/Students/Bennyaw/Blinky/MyBlinky/Drivers/CMSIS/Device/ST/STM32F4xx/Include" -I"C:/Students/Bennyaw/Blinky/MyBlinky/Drivers/CMSIS/Include"  -Og -g3 -Wall -fmessage-length=0 -ffunction-sections -c -fmessage-length=0 -MMD -MP -MF"Src/system_stm32f4xx.d" -MT"Src/system_stm32f4xx.o" -o "Src/system_stm32f4xx.o" "../Src/system_stm32f4xx.c"
Finished building: ../Src/system_stm32f4xx.c
 
Building file: ../Drivers/STM32F4xx_HAL_Driver/Src/stm32f4xx_hal.c
Invoking: MCU GCC Compiler
C:\Students\Bennyaw\Blinky\MyBlinky\Debug
arm-none-eabi-gcc -mcpu=cortex-m4 -mthumb -mfloat-abi=hard -mfpu=fpv4-sp-d16 '-D__weak=__attribute__((weak))' '-D__packed=__attribute__((__packed__))' -DUSE_HAL_DRIVER -DSTM32F429xx -I"C:/Students/Bennyaw/Blinky/MyBlinky/Inc" -I"C:/Students/Bennyaw/Blinky/MyBlinky/Drivers/STM32F4xx_HAL_Driver/Inc" -I"C:/Students/Bennyaw/Blinky/MyBlinky/Drivers/STM32F4xx_HAL_Driver/Inc/Legacy" -I"C:/Students/Bennyaw/Blinky/MyBlinky/Drivers/CMSIS/Device/ST/STM32F4xx/Include" -I"C:/Students/Bennyaw/Blinky/MyBlinky/Drivers/CMSIS/Include"  -Og -g3 -Wall -fmessage-length=0 -ffunction-sections -c -fmessage-length=0 -MMD -MP -MF"Drivers/STM32F4xx_HAL_Driver/Src/stm32f4xx_hal.d" -MT"Drivers/STM32F4xx_HAL_Driver/Src/stm32f4xx_hal.o" -o "Drivers/STM32F4xx_HAL_Driver/Src/stm32f4xx_hal.o" "../Drivers/STM32F4xx_HAL_Driver/Src/stm32f4xx_hal.c"
Finished building: ../Drivers/STM32F4xx_HAL_Driver/Src/stm32f4xx_hal.c
 
Building file: ../Drivers/STM32F4xx_HAL_Driver/Src/stm32f4xx_hal_cortex.c
Invoking: MCU GCC Compiler
C:\Students\Bennyaw\Blinky\MyBlinky\Debug
arm-none-eabi-gcc -mcpu=cortex-m4 -mthumb -mfloat-abi=hard -mfpu=fpv4-sp-d16 '-D__weak=__attribute__((weak))' '-D__packed=__attribute__((__packed__))' -DUSE_HAL_DRIVER -DSTM32F429xx -I"C:/Students/Bennyaw/Blinky/MyBlinky/Inc" -I"C:/Students/Bennyaw/Blinky/MyBlinky/Drivers/STM32F4xx_HAL_Driver/Inc" -I"C:/Students/Bennyaw/Blinky/MyBlinky/Drivers/STM32F4xx_HAL_Driver/Inc/Legacy" -I"C:/Students/Bennyaw/Blinky/MyBlinky/Drivers/CMSIS/Device/ST/STM32F4xx/Include" -I"C:/Students/Bennyaw/Blinky/MyBlinky/Drivers/CMSIS/Include"  -Og -g3 -Wall -fmessage-length=0 -ffunction-sections -c -fmessage-length=0 -MMD -MP -MF"Drivers/STM32F4xx_HAL_Driver/Src/stm32f4xx_hal_cortex.d" -MT"Drivers/STM32F4xx_HAL_Driver/Src/stm32f4xx_hal_cortex.o" -o "Drivers/STM32F4xx_HAL_Driver/Src/stm32f4xx_hal_cortex.o" "../Drivers/STM32F4xx_HAL_Driver/Src/stm32f4xx_hal_cortex.c"
Finished building: ../Drivers/STM32F4xx_HAL_Driver/Src/stm32f4xx_hal_cortex.c
 
Building file: ../Drivers/STM32F4xx_HAL_Driver/Src/stm32f4xx_hal_dma.c
Invoking: MCU GCC Compiler
C:\Students\Bennyaw\Blinky\MyBlinky\Debug
arm-none-eabi-gcc -mcpu=cortex-m4 -mthumb -mfloat-abi=hard -mfpu=fpv4-sp-d16 '-D__weak=__attribute__((weak))' '-D__packed=__attribute__((__packed__))' -DUSE_HAL_DRIVER -DSTM32F429xx -I"C:/Students/Bennyaw/Blinky/MyBlinky/Inc" -I"C:/Students/Bennyaw/Blinky/MyBlinky/Drivers/STM32F4xx_HAL_Driver/Inc" -I"C:/Students/Bennyaw/Blinky/MyBlinky/Drivers/STM32F4xx_HAL_Driver/Inc/Legacy" -I"C:/Students/Bennyaw/Blinky/MyBlinky/Drivers/CMSIS/Device/ST/STM32F4xx/Include" -I"C:/Students/Bennyaw/Blinky/MyBlinky/Drivers/CMSIS/Include"  -Og -g3 -Wall -fmessage-length=0 -ffunction-sections -c -fmessage-length=0 -MMD -MP -MF"Drivers/STM32F4xx_HAL_Driver/Src/stm32f4xx_hal_dma.d" -MT"Drivers/STM32F4xx_HAL_Driver/Src/stm32f4xx_hal_dma.o" -o "Drivers/STM32F4xx_HAL_Driver/Src/stm32f4xx_hal_dma.o" "../Drivers/STM32F4xx_HAL_Driver/Src/stm32f4xx_hal_dma.c"
Finished building: ../Drivers/STM32F4xx_HAL_Driver/Src/stm32f4xx_hal_dma.c
 
Building file: ../Drivers/STM32F4xx_HAL_Driver/Src/stm32f4xx_hal_dma_ex.c
Invoking: MCU GCC Compiler
C:\Students\Bennyaw\Blinky\MyBlinky\Debug
arm-none-eabi-gcc -mcpu=cortex-m4 -mthumb -mfloat-abi=hard -mfpu=fpv4-sp-d16 '-D__weak=__attribute__((weak))' '-D__packed=__attribute__((__packed__))' -DUSE_HAL_DRIVER -DSTM32F429xx -I"C:/Students/Bennyaw/Blinky/MyBlinky/Inc" -I"C:/Students/Bennyaw/Blinky/MyBlinky/Drivers/STM32F4xx_HAL_Driver/Inc" -I"C:/Students/Bennyaw/Blinky/MyBlinky/Drivers/STM32F4xx_HAL_Driver/Inc/Legacy" -I"C:/Students/Bennyaw/Blinky/MyBlinky/Drivers/CMSIS/Device/ST/STM32F4xx/Include" -I"C:/Students/Bennyaw/Blinky/MyBlinky/Drivers/CMSIS/Include"  -Og -g3 -Wall -fmessage-length=0 -ffunction-sections -c -fmessage-length=0 -MMD -MP -MF"Drivers/STM32F4xx_HAL_Driver/Src/stm32f4xx_hal_dma_ex.d" -MT"Drivers/STM32F4xx_HAL_Driver/Src/stm32f4xx_hal_dma_ex.o" -o "Drivers/STM32F4xx_HAL_Driver/Src/stm32f4xx_hal_dma_ex.o" "../Drivers/STM32F4xx_HAL_Driver/Src/stm32f4xx_hal_dma_ex.c"
Finished building: ../Drivers/STM32F4xx_HAL_Driver/Src/stm32f4xx_hal_dma_ex.c
 
Building file: ../Drivers/STM32F4xx_HAL_Driver/Src/stm32f4xx_hal_flash.c
Invoking: MCU GCC Compiler
C:\Students\Bennyaw\Blinky\MyBlinky\Debug
arm-none-eabi-gcc -mcpu=cortex-m4 -mthumb -mfloat-abi=hard -mfpu=fpv4-sp-d16 '-D__weak=__attribute__((weak))' '-D__packed=__attribute__((__packed__))' -DUSE_HAL_DRIVER -DSTM32F429xx -I"C:/Students/Bennyaw/Blinky/MyBlinky/Inc" -I"C:/Students/Bennyaw/Blinky/MyBlinky/Drivers/STM32F4xx_HAL_Driver/Inc" -I"C:/Students/Bennyaw/Blinky/MyBlinky/Drivers/STM32F4xx_HAL_Driver/Inc/Legacy" -I"C:/Students/Bennyaw/Blinky/MyBlinky/Drivers/CMSIS/Device/ST/STM32F4xx/Include" -I"C:/Students/Bennyaw/Blinky/MyBlinky/Drivers/CMSIS/Include"  -Og -g3 -Wall -fmessage-length=0 -ffunction-sections -c -fmessage-length=0 -MMD -MP -MF"Drivers/STM32F4xx_HAL_Driver/Src/stm32f4xx_hal_flash.d" -MT"Drivers/STM32F4xx_HAL_Driver/Src/stm32f4xx_hal_flash.o" -o "Drivers/STM32F4xx_HAL_Driver/Src/stm32f4xx_hal_flash.o" "../Drivers/STM32F4xx_HAL_Driver/Src/stm32f4xx_hal_flash.c"
Finished building: ../Drivers/STM32F4xx_HAL_Driver/Src/stm32f4xx_hal_flash.c
 
Building file: ../Drivers/STM32F4xx_HAL_Driver/Src/stm32f4xx_hal_flash_ex.c
Invoking: MCU GCC Compiler
C:\Students\Bennyaw\Blinky\MyBlinky\Debug
arm-none-eabi-gcc -mcpu=cortex-m4 -mthumb -mfloat-abi=hard -mfpu=fpv4-sp-d16 '-D__weak=__attribute__((weak))' '-D__packed=__attribute__((__packed__))' -DUSE_HAL_DRIVER -DSTM32F429xx -I"C:/Students/Bennyaw/Blinky/MyBlinky/Inc" -I"C:/Students/Bennyaw/Blinky/MyBlinky/Drivers/STM32F4xx_HAL_Driver/Inc" -I"C:/Students/Bennyaw/Blinky/MyBlinky/Drivers/STM32F4xx_HAL_Driver/Inc/Legacy" -I"C:/Students/Bennyaw/Blinky/MyBlinky/Drivers/CMSIS/Device/ST/STM32F4xx/Include" -I"C:/Students/Bennyaw/Blinky/MyBlinky/Drivers/CMSIS/Include"  -Og -g3 -Wall -fmessage-length=0 -ffunction-sections -c -fmessage-length=0 -MMD -MP -MF"Drivers/STM32F4xx_HAL_Driver/Src/stm32f4xx_hal_flash_ex.d" -MT"Drivers/STM32F4xx_HAL_Driver/Src/stm32f4xx_hal_flash_ex.o" -o "Drivers/STM32F4xx_HAL_Driver/Src/stm32f4xx_hal_flash_ex.o" "../Drivers/STM32F4xx_HAL_Driver/Src/stm32f4xx_hal_flash_ex.c"
Finished building: ../Drivers/STM32F4xx_HAL_Driver/Src/stm32f4xx_hal_flash_ex.c
 
Building file: ../Drivers/STM32F4xx_HAL_Driver/Src/stm32f4xx_hal_flash_ramfunc.c
Invoking: MCU GCC Compiler
C:\Students\Bennyaw\Blinky\MyBlinky\Debug
arm-none-eabi-gcc -mcpu=cortex-m4 -mthumb -mfloat-abi=hard -mfpu=fpv4-sp-d16 '-D__weak=__attribute__((weak))' '-D__packed=__attribute__((__packed__))' -DUSE_HAL_DRIVER -DSTM32F429xx -I"C:/Students/Bennyaw/Blinky/MyBlinky/Inc" -I"C:/Students/Bennyaw/Blinky/MyBlinky/Drivers/STM32F4xx_HAL_Driver/Inc" -I"C:/Students/Bennyaw/Blinky/MyBlinky/Drivers/STM32F4xx_HAL_Driver/Inc/Legacy" -I"C:/Students/Bennyaw/Blinky/MyBlinky/Drivers/CMSIS/Device/ST/STM32F4xx/Include" -I"C:/Students/Bennyaw/Blinky/MyBlinky/Drivers/CMSIS/Include"  -Og -g3 -Wall -fmessage-length=0 -ffunction-sections -c -fmessage-length=0 -MMD -MP -MF"Drivers/STM32F4xx_HAL_Driver/Src/stm32f4xx_hal_flash_ramfunc.d" -MT"Drivers/STM32F4xx_HAL_Driver/Src/stm32f4xx_hal_flash_ramfunc.o" -o "Drivers/STM32F4xx_HAL_Driver/Src/stm32f4xx_hal_flash_ramfunc.o" "../Drivers/STM32F4xx_HAL_Driver/Src/stm32f4xx_hal_flash_ramfunc.c"
Finished building: ../Drivers/STM32F4xx_HAL_Driver/Src/stm32f4xx_hal_flash_ramfunc.c
 
Building file: ../Drivers/STM32F4xx_HAL_Driver/Src/stm32f4xx_hal_gpio.c
Invoking: MCU GCC Compiler
C:\Students\Bennyaw\Blinky\MyBlinky\Debug
arm-none-eabi-gcc -mcpu=cortex-m4 -mthumb -mfloat-abi=hard -mfpu=fpv4-sp-d16 '-D__weak=__attribute__((weak))' '-D__packed=__attribute__((__packed__))' -DUSE_HAL_DRIVER -DSTM32F429xx -I"C:/Students/Bennyaw/Blinky/MyBlinky/Inc" -I"C:/Students/Bennyaw/Blinky/MyBlinky/Drivers/STM32F4xx_HAL_Driver/Inc" -I"C:/Students/Bennyaw/Blinky/MyBlinky/Drivers/STM32F4xx_HAL_Driver/Inc/Legacy" -I"C:/Students/Bennyaw/Blinky/MyBlinky/Drivers/CMSIS/Device/ST/STM32F4xx/Include" -I"C:/Students/Bennyaw/Blinky/MyBlinky/Drivers/CMSIS/Include"  -Og -g3 -Wall -fmessage-length=0 -ffunction-sections -c -fmessage-length=0 -MMD -MP -MF"Drivers/STM32F4xx_HAL_Driver/Src/stm32f4xx_hal_gpio.d" -MT"Drivers/STM32F4xx_HAL_Driver/Src/stm32f4xx_hal_gpio.o" -o "Drivers/STM32F4xx_HAL_Driver/Src/stm32f4xx_hal_gpio.o" "../Drivers/STM32F4xx_HAL_Driver/Src/stm32f4xx_hal_gpio.c"
Finished building: ../Drivers/STM32F4xx_HAL_Driver/Src/stm32f4xx_hal_gpio.c
 
Building file: ../Drivers/STM32F4xx_HAL_Driver/Src/stm32f4xx_hal_pwr.c
Invoking: MCU GCC Compiler
C:\Students\Bennyaw\Blinky\MyBlinky\Debug
arm-none-eabi-gcc -mcpu=cortex-m4 -mthumb -mfloat-abi=hard -mfpu=fpv4-sp-d16 '-D__weak=__attribute__((weak))' '-D__packed=__attribute__((__packed__))' -DUSE_HAL_DRIVER -DSTM32F429xx -I"C:/Students/Bennyaw/Blinky/MyBlinky/Inc" -I"C:/Students/Bennyaw/Blinky/MyBlinky/Drivers/STM32F4xx_HAL_Driver/Inc" -I"C:/Students/Bennyaw/Blinky/MyBlinky/Drivers/STM32F4xx_HAL_Driver/Inc/Legacy" -I"C:/Students/Bennyaw/Blinky/MyBlinky/Drivers/CMSIS/Device/ST/STM32F4xx/Include" -I"C:/Students/Bennyaw/Blinky/MyBlinky/Drivers/CMSIS/Include"  -Og -g3 -Wall -fmessage-length=0 -ffunction-sections -c -fmessage-length=0 -MMD -MP -MF"Drivers/STM32F4xx_HAL_Driver/Src/stm32f4xx_hal_pwr.d" -MT"Drivers/STM32F4xx_HAL_Driver/Src/stm32f4xx_hal_pwr.o" -o "Drivers/STM32F4xx_HAL_Driver/Src/stm32f4xx_hal_pwr.o" "../Drivers/STM32F4xx_HAL_Driver/Src/stm32f4xx_hal_pwr.c"
Finished building: ../Drivers/STM32F4xx_HAL_Driver/Src/stm32f4xx_hal_pwr.c
 
Building file: ../Drivers/STM32F4xx_HAL_Driver/Src/stm32f4xx_hal_pwr_ex.c
Invoking: MCU GCC Compiler
C:\Students\Bennyaw\Blinky\MyBlinky\Debug
arm-none-eabi-gcc -mcpu=cortex-m4 -mthumb -mfloat-abi=hard -mfpu=fpv4-sp-d16 '-D__weak=__attribute__((weak))' '-D__packed=__attribute__((__packed__))' -DUSE_HAL_DRIVER -DSTM32F429xx -I"C:/Students/Bennyaw/Blinky/MyBlinky/Inc" -I"C:/Students/Bennyaw/Blinky/MyBlinky/Drivers/STM32F4xx_HAL_Driver/Inc" -I"C:/Students/Bennyaw/Blinky/MyBlinky/Drivers/STM32F4xx_HAL_Driver/Inc/Legacy" -I"C:/Students/Bennyaw/Blinky/MyBlinky/Drivers/CMSIS/Device/ST/STM32F4xx/Include" -I"C:/Students/Bennyaw/Blinky/MyBlinky/Drivers/CMSIS/Include"  -Og -g3 -Wall -fmessage-length=0 -ffunction-sections -c -fmessage-length=0 -MMD -MP -MF"Drivers/STM32F4xx_HAL_Driver/Src/stm32f4xx_hal_pwr_ex.d" -MT"Drivers/STM32F4xx_HAL_Driver/Src/stm32f4xx_hal_pwr_ex.o" -o "Drivers/STM32F4xx_HAL_Driver/Src/stm32f4xx_hal_pwr_ex.o" "../Drivers/STM32F4xx_HAL_Driver/Src/stm32f4xx_hal_pwr_ex.c"
Finished building: ../Drivers/STM32F4xx_HAL_Driver/Src/stm32f4xx_hal_pwr_ex.c
 
Building file: ../Drivers/STM32F4xx_HAL_Driver/Src/stm32f4xx_hal_rcc.c
Invoking: MCU GCC Compiler
C:\Students\Bennyaw\Blinky\MyBlinky\Debug
arm-none-eabi-gcc -mcpu=cortex-m4 -mthumb -mfloat-abi=hard -mfpu=fpv4-sp-d16 '-D__weak=__attribute__((weak))' '-D__packed=__attribute__((__packed__))' -DUSE_HAL_DRIVER -DSTM32F429xx -I"C:/Students/Bennyaw/Blinky/MyBlinky/Inc" -I"C:/Students/Bennyaw/Blinky/MyBlinky/Drivers/STM32F4xx_HAL_Driver/Inc" -I"C:/Students/Bennyaw/Blinky/MyBlinky/Drivers/STM32F4xx_HAL_Driver/Inc/Legacy" -I"C:/Students/Bennyaw/Blinky/MyBlinky/Drivers/CMSIS/Device/ST/STM32F4xx/Include" -I"C:/Students/Bennyaw/Blinky/MyBlinky/Drivers/CMSIS/Include"  -Og -g3 -Wall -fmessage-length=0 -ffunction-sections -c -fmessage-length=0 -MMD -MP -MF"Drivers/STM32F4xx_HAL_Driver/Src/stm32f4xx_hal_rcc.d" -MT"Drivers/STM32F4xx_HAL_Driver/Src/stm32f4xx_hal_rcc.o" -o "Drivers/STM32F4xx_HAL_Driver/Src/stm32f4xx_hal_rcc.o" "../Drivers/STM32F4xx_HAL_Driver/Src/stm32f4xx_hal_rcc.c"
Finished building: ../Drivers/STM32F4xx_HAL_Driver/Src/stm32f4xx_hal_rcc.c
 
Building file: ../Drivers/STM32F4xx_HAL_Driver/Src/stm32f4xx_hal_rcc_ex.c
Invoking: MCU GCC Compiler
C:\Students\Bennyaw\Blinky\MyBlinky\Debug
arm-none-eabi-gcc -mcpu=cortex-m4 -mthumb -mfloat-abi=hard -mfpu=fpv4-sp-d16 '-D__weak=__attribute__((weak))' '-D__packed=__attribute__((__packed__))' -DUSE_HAL_DRIVER -DSTM32F429xx -I"C:/Students/Bennyaw/Blinky/MyBlinky/Inc" -I"C:/Students/Bennyaw/Blinky/MyBlinky/Drivers/STM32F4xx_HAL_Driver/Inc" -I"C:/Students/Bennyaw/Blinky/MyBlinky/Drivers/STM32F4xx_HAL_Driver/Inc/Legacy" -I"C:/Students/Bennyaw/Blinky/MyBlinky/Drivers/CMSIS/Device/ST/STM32F4xx/Include" -I"C:/Students/Bennyaw/Blinky/MyBlinky/Drivers/CMSIS/Include"  -Og -g3 -Wall -fmessage-length=0 -ffunction-sections -c -fmessage-length=0 -MMD -MP -MF"Drivers/STM32F4xx_HAL_Driver/Src/stm32f4xx_hal_rcc_ex.d" -MT"Drivers/STM32F4xx_HAL_Driver/Src/stm32f4xx_hal_rcc_ex.o" -o "Drivers/STM32F4xx_HAL_Driver/Src/stm32f4xx_hal_rcc_ex.o" "../Drivers/STM32F4xx_HAL_Driver/Src/stm32f4xx_hal_rcc_ex.c"
Finished building: ../Drivers/STM32F4xx_HAL_Driver/Src/stm32f4xx_hal_rcc_ex.c
 
Building file: ../Drivers/STM32F4xx_HAL_Driver/Src/stm32f4xx_hal_tim.c
Invoking: MCU GCC Compiler
C:\Students\Bennyaw\Blinky\MyBlinky\Debug
arm-none-eabi-gcc -mcpu=cortex-m4 -mthumb -mfloat-abi=hard -mfpu=fpv4-sp-d16 '-D__weak=__attribute__((weak))' '-D__packed=__attribute__((__packed__))' -DUSE_HAL_DRIVER -DSTM32F429xx -I"C:/Students/Bennyaw/Blinky/MyBlinky/Inc" -I"C:/Students/Bennyaw/Blinky/MyBlinky/Drivers/STM32F4xx_HAL_Driver/Inc" -I"C:/Students/Bennyaw/Blinky/MyBlinky/Drivers/STM32F4xx_HAL_Driver/Inc/Legacy" -I"C:/Students/Bennyaw/Blinky/MyBlinky/Drivers/CMSIS/Device/ST/STM32F4xx/Include" -I"C:/Students/Bennyaw/Blinky/MyBlinky/Drivers/CMSIS/Include"  -Og -g3 -Wall -fmessage-length=0 -ffunction-sections -c -fmessage-length=0 -MMD -MP -MF"Drivers/STM32F4xx_HAL_Driver/Src/stm32f4xx_hal_tim.d" -MT"Drivers/STM32F4xx_HAL_Driver/Src/stm32f4xx_hal_tim.o" -o "Drivers/STM32F4xx_HAL_Driver/Src/stm32f4xx_hal_tim.o" "../Drivers/STM32F4xx_HAL_Driver/Src/stm32f4xx_hal_tim.c"
Finished building: ../Drivers/STM32F4xx_HAL_Driver/Src/stm32f4xx_hal_tim.c
 
Building file: ../Drivers/STM32F4xx_HAL_Driver/Src/stm32f4xx_hal_tim_ex.c
Invoking: MCU GCC Compiler
C:\Students\Bennyaw\Blinky\MyBlinky\Debug
arm-none-eabi-gcc -mcpu=cortex-m4 -mthumb -mfloat-abi=hard -mfpu=fpv4-sp-d16 '-D__weak=__attribute__((weak))' '-D__packed=__attribute__((__packed__))' -DUSE_HAL_DRIVER -DSTM32F429xx -I"C:/Students/Bennyaw/Blinky/MyBlinky/Inc" -I"C:/Students/Bennyaw/Blinky/MyBlinky/Drivers/STM32F4xx_HAL_Driver/Inc" -I"C:/Students/Bennyaw/Blinky/MyBlinky/Drivers/STM32F4xx_HAL_Driver/Inc/Legacy" -I"C:/Students/Bennyaw/Blinky/MyBlinky/Drivers/CMSIS/Device/ST/STM32F4xx/Include" -I"C:/Students/Bennyaw/Blinky/MyBlinky/Drivers/CMSIS/Include"  -Og -g3 -Wall -fmessage-length=0 -ffunction-sections -c -fmessage-length=0 -MMD -MP -MF"Drivers/STM32F4xx_HAL_Driver/Src/stm32f4xx_hal_tim_ex.d" -MT"Drivers/STM32F4xx_HAL_Driver/Src/stm32f4xx_hal_tim_ex.o" -o "Drivers/STM32F4xx_HAL_Driver/Src/stm32f4xx_hal_tim_ex.o" "../Drivers/STM32F4xx_HAL_Driver/Src/stm32f4xx_hal_tim_ex.c"
Finished building: ../Drivers/STM32F4xx_HAL_Driver/Src/stm32f4xx_hal_tim_ex.c
 
Building target: MyBlinky.elf
Invoking: MCU GCC Linker
arm-none-eabi-gcc -mcpu=cortex-m4 -mthumb -mfloat-abi=hard -mfpu=fpv4-sp-d16 -specs=nosys.specs -specs=nano.specs -T"../STM32F429ZITx_FLASH.ld" -Wl,-Map=output.map -Wl,--gc-sections -o "MyBlinky.elf" @"objects.list"   -lm
Finished building target: MyBlinky.elf
 
make --no-print-directory post-build
Generating hex and Printing size information:
arm-none-eabi-objcopy -O ihex "MyBlinky.elf" "MyBlinky.hex"
arm-none-eabi-size "MyBlinky.elf"
   text	   data	    bss	    dec	    hex	filename
   4672	     20	   1572	   6264	   1878	MyBlinky.elf
 
14:04:35 **** Incremental Build of configuration Debug for project MyBlinky ****
make all 
make: Nothing to be done for 'all'.
14:04:53 **** Incremental Build of configuration Debug for project MyBlinky ****
make all 
make: Nothing to be done for 'all'.
17:45:46 **** Incremental Build of configuration Debug for project MyBlinky ****
make all 
Building file: ../Src/main.c
Invoking: MCU GCC Compiler
C:\Students\Bennyaw\Blinky\MyBlinky\Debug
arm-none-eabi-gcc -mcpu=cortex-m4 -mthumb -mfloat-abi=hard -mfpu=fpv4-sp-d16 '-D__weak=__attribute__((weak))' '-D__packed=__attribute__((__packed__))' -DUSE_HAL_DRIVER -DSTM32F429xx -I"C:/Students/Bennyaw/Blinky/MyBlinky/Inc" -I"C:/Students/Bennyaw/Blinky/MyBlinky/Drivers/STM32F4xx_HAL_Driver/Inc" -I"C:/Students/Bennyaw/Blinky/MyBlinky/Drivers/STM32F4xx_HAL_Driver/Inc/Legacy" -I"C:/Students/Bennyaw/Blinky/MyBlinky/Drivers/CMSIS/Device/ST/STM32F4xx/Include" -I"C:/Students/Bennyaw/Blinky/MyBlinky/Drivers/CMSIS/Include"  -Og -g3 -Wall -fmessage-length=0 -ffunction-sections -c -fmessage-length=0 -MMD -MP -MF"Src/main.d" -MT"Src/main.o" -o "Src/main.o" "../Src/main.c"
../Src/main.c: In function 'configureGPIO_Pin':
../Src/main.c:189:11: warning: statement with no effect [-Wunused-value]
   pinMask << 1;
   ~~~~~~~~^~~~
Finished building: ../Src/main.c
 
Building target: MyBlinky.elf
Invoking: MCU GCC Linker
arm-none-eabi-gcc -mcpu=cortex-m4 -mthumb -mfloat-abi=hard -mfpu=fpv4-sp-d16 -specs=nosys.specs -specs=nano.specs -T"../STM32F429ZITx_FLASH.ld" -Wl,-Map=output.map -Wl,--gc-sections -o "MyBlinky.elf" @"objects.list"   -lm
Finished building target: MyBlinky.elf
 
make --no-print-directory post-build
Generating hex and Printing size information:
arm-none-eabi-objcopy -O ihex "MyBlinky.elf" "MyBlinky.hex"
arm-none-eabi-size "MyBlinky.elf"
   text	   data	    bss	    dec	    hex	filename
   4676	     20	   1572	   6268	   187c	MyBlinky.elf
 
